
Log for '/tmp/0992c434eea54c679731cd482a19fa6a-pulp.lp' Clone_2 (V22.1.1.0) Thu Sep 11 08:48:02 2025


Log for '/tmp/0992c434eea54c679731cd482a19fa6a-pulp.lp' Clone_2 (V22.1.1.0) Thu Sep 11 08:49:18 2025

Tried aggregator 1 time.
LP Presolve eliminated 23076 rows and 65070 columns.
All rows and columns eliminated.
Presolve time = 0.03 sec. (28.28 ticks)

Dual simplex solved model.


Log for '/tmp/c0cc249aaae848169af985310042878a-pulp.lp' Clone_2 (V22.1.1.0) Thu Sep 11 08:50:52 2025


Log for '/tmp/c0cc249aaae848169af985310042878a-pulp.lp' Clone_2 (V22.1.1.0) Thu Sep 11 08:52:08 2025

Tried aggregator 1 time.
LP Presolve eliminated 23076 rows and 65070 columns.
All rows and columns eliminated.
Presolve time = 0.04 sec. (28.29 ticks)

Dual simplex solved model.


Log for '/tmp/ba1ba842912a49ecbda0a7fb558f9da9-pulp.lp' Clone_2 (V22.1.1.0) Thu Sep 11 11:23:08 2025

Tried aggregator 1 time.
LP Presolve eliminated 5925 rows and 16728 columns.
All rows and columns eliminated.
Presolve time = 0.02 sec. (7.24 ticks)

Dual simplex solved model.


Log for '/tmp/9d1b2dd9cb4b411dbfcea49afc2e61e9-pulp.lp' Clone_2 (V22.1.1.0) Thu Sep 11 11:24:00 2025


Log for '/tmp/9d1b2dd9cb4b411dbfcea49afc2e61e9-pulp.lp' Clone_2 (V22.1.1.0) Thu Sep 11 11:24:08 2025

Tried aggregator 1 time.
LP Presolve eliminated 5925 rows and 16728 columns.
All rows and columns eliminated.
Presolve time = 0.01 sec. (7.24 ticks)

Dual simplex solved model.


Log for '/tmp/3171a745bab941a59778471c4e3c1cf0-pulp.lp' Clone_2 (V22.1.1.0) Thu Sep 11 11:24:58 2025


Log for '/tmp/3171a745bab941a59778471c4e3c1cf0-pulp.lp' Clone_2 (V22.1.1.0) Thu Sep 11 11:25:02 2025

Tried aggregator 1 time.
LP Presolve eliminated 3315 rows and 9288 columns.
All rows and columns eliminated.
Presolve time = 0.01 sec. (3.97 ticks)

Dual simplex solved model.


Log for '/tmp/afd0e4c4d63741f3b4974a491aaeff6f-pulp.lp' Clone_2 (V22.1.1.0) Thu Sep 11 11:26:12 2025


Log for '/tmp/afd0e4c4d63741f3b4974a491aaeff6f-pulp.lp' Clone_2 (V22.1.1.0) Thu Sep 11 11:27:50 2025

Tried aggregator 1 time.
LP Presolve eliminated 9473 rows and 44720 columns.
All rows and columns eliminated.
Presolve time = 0.02 sec. (18.57 ticks)

Dual simplex solved model.


Log for '/tmp/ee9363e99dbc40e2b1cc73c841b69a31-pulp.lp' Clone_2 (V22.1.1.0) Thu Sep 11 11:28:10 2025


Log for '/tmp/ee9363e99dbc40e2b1cc73c841b69a31-pulp.lp' Clone_2 (V22.1.1.0) Thu Sep 11 11:33:20 2025

Tried aggregator 1 time.
LP Presolve eliminated 5383 rows and 24920 columns.
All rows and columns eliminated.
Presolve time = 0.02 sec. (10.39 ticks)

Dual simplex solved model.


Log for '/tmp/8c36bfa0d4534ab5b5d504434602011f-pulp.lp' Clone_2 (V22.1.1.0) Thu Sep 11 11:45:28 2025


Log for '/tmp/8c36bfa0d4534ab5b5d504434602011f-pulp.lp' Clone_2 (V22.1.1.0) Thu Sep 11 11:54:30 2025

Tried aggregator 1 time.
LP Presolve eliminated 3654 rows and 16490 columns.
All rows and columns eliminated.
Presolve time = 0.01 sec. (6.92 ticks)

Dual simplex solved model.


Log for '/tmp/696dacb156c54021a9d4d1b77992d191-pulp.lp' Clone_2 (V22.1.1.0) Fri Sep 12 11:40:04 2025

Tried aggregator 1 time.
LP Presolve eliminated 1337 rows and 5200 columns.
All rows and columns eliminated.
Presolve time = 0.01 sec. (2.17 ticks)

Dual simplex solved model.


Log for '/tmp/5ac66a6952964cd29d82f9d7cf2e6e3c-pulp.lp' Clone_2 (V22.1.1.0) Fri Sep 12 11:41:21 2025

Tried aggregator 1 time.
LP Presolve eliminated 1446 rows and 5730 columns.
All rows and columns eliminated.
Presolve time = 0.00 sec. (2.39 ticks)

Dual simplex solved model.


Log for '/tmp/f4593adceeea42b78146a74d51c730f7-pulp.lp' Clone_2 (V22.1.1.0) Fri Sep 12 11:43:34 2025


Log for '/tmp/f4593adceeea42b78146a74d51c730f7-pulp.lp' Clone_2 (V22.1.1.0) Fri Sep 12 11:44:29 2025

Tried aggregator 1 time.
LP Presolve eliminated 1426 rows and 5630 columns.
All rows and columns eliminated.
Presolve time = 0.01 sec. (2.35 ticks)

Dual simplex solved model.


Log for '/tmp/1766bc77cc134570a21ba317e4474b3e-pulp.lp' Clone_2 (V22.1.1.0) Fri Sep 12 11:46:46 2025


Log for '/tmp/1766bc77cc134570a21ba317e4474b3e-pulp.lp' Clone_2 (V22.1.1.0) Fri Sep 12 11:53:19 2025

Tried aggregator 1 time.
LP Presolve eliminated 3553 rows and 15920 columns.
All rows and columns eliminated.
Presolve time = 0.01 sec. (6.72 ticks)

Dual simplex solved model.


Log for '/tmp/44387cddc6c943a781ed343fd0665655-pulp.lp' Clone_2 (V22.1.1.0) Fri Sep 12 11:53:34 2025


Log for '/tmp/44387cddc6c943a781ed343fd0665655-pulp.lp' Clone_2 (V22.1.1.0) Fri Sep 12 11:58:31 2025

Tried aggregator 1 time.
Presolve time = 0.00 sec. (3.77 ticks)

Dual simplex solved model.


Log for '/tmp/8d68ddae7b8f4ee1a9aafdb29ae10a14-pulp.lp' Clone_2 (V22.1.1.0) Thu Sep 18 16:10:42 2025


Log for '/tmp/8d68ddae7b8f4ee1a9aafdb29ae10a14-pulp.lp' Clone_2 (V22.1.1.0) Thu Sep 18 16:11:27 2025

Tried aggregator 1 time.
LP Presolve eliminated 6197 rows and 28700 columns.
All rows and columns eliminated.
Presolve time = 0.04 sec. (12.11 ticks)

Dual simplex solved model.


Log for '/tmp/f910e470f3ad492f9a02541b3637354a-pulp.lp' Clone_2 (V22.1.1.0) Fri Sep 19 13:18:45 2025


Log for '/tmp/f910e470f3ad492f9a02541b3637354a-pulp.lp' Clone_2 (V22.1.1.0) Fri Sep 19 13:25:01 2025

Tried aggregator 1 time.
LP Presolve eliminated 3559 rows and 15940 columns.
All rows and columns eliminated.
Presolve time = 0.01 sec. (6.74 ticks)

Dual simplex solved model.

