
Log for '/tmp/0992c434eea54c679731cd482a19fa6a-pulp.lp' Clone_1 (V22.1.1.0) Thu Sep 11 08:48:02 2025


Log for '/tmp/0992c434eea54c679731cd482a19fa6a-pulp.lp' Clone_1 (V22.1.1.0) Thu Sep 11 08:49:18 2025

Tried aggregator 1 time.
LP Presolve eliminated 23076 rows and 65070 columns.
All rows and columns eliminated.
Presolve time = 0.02 sec. (29.12 ticks)
Parallel mode: deterministic, using up to 10 threads for concurrent optimization:
 * Starting dual Simplex on 1 thread...
 * Starting primal Simplex on 1 thread...

Log for '/tmp/0992c434eea54c679731cd482a19fa6a-pulp.lp' Clone_1 (V22.1.1.0) Thu Sep 11 08:49:18 2025

Using steepest-edge.

Total time on 10 threads = 0.10 sec. (152.12 ticks)

Dual simplex solved model.


Log for '/tmp/c0cc249aaae848169af985310042878a-pulp.lp' Clone_1 (V22.1.1.0) Thu Sep 11 08:50:52 2025


Log for '/tmp/c0cc249aaae848169af985310042878a-pulp.lp' Clone_1 (V22.1.1.0) Thu Sep 11 08:52:08 2025

Tried aggregator 1 time.
LP Presolve eliminated 23076 rows and 65070 columns.
All rows and columns eliminated.
Presolve time = 0.03 sec. (29.13 ticks)

Log for '/tmp/c0cc249aaae848169af985310042878a-pulp.lp' Clone_1 (V22.1.1.0) Thu Sep 11 08:52:08 2025

Using steepest-edge.
Parallel mode: deterministic, using up to 10 threads for concurrent optimization:
 * Starting dual Simplex on 1 thread...
 * Starting primal Simplex on 1 thread...

Dual simplex solved model.


Dual simplex solved model.


Total time on 10 threads = 0.09 sec. (157.25 ticks)

Dual simplex solved model.


Log for '/tmp/ba1ba842912a49ecbda0a7fb558f9da9-pulp.lp' Clone_1 (V22.1.1.0) Thu Sep 11 11:23:08 2025

Tried aggregator 1 time.
LP Presolve eliminated 5925 rows and 16728 columns.
All rows and columns eliminated.
Presolve time = 0.03 sec. (7.46 ticks)
Parallel mode: deterministic, using up to 10 threads for concurrent optimization:
 * Starting dual Simplex on 1 thread...
 * Starting primal Simplex on 1 thread...

Log for '/tmp/ba1ba842912a49ecbda0a7fb558f9da9-pulp.lp' Clone_1 (V22.1.1.0) Thu Sep 11 11:23:08 2025

Using steepest-edge.

Total time on 10 threads = 0.07 sec. (205.32 ticks)

Dual simplex solved model.


Log for '/tmp/9d1b2dd9cb4b411dbfcea49afc2e61e9-pulp.lp' Clone_1 (V22.1.1.0) Thu Sep 11 11:24:00 2025


Log for '/tmp/9d1b2dd9cb4b411dbfcea49afc2e61e9-pulp.lp' Clone_1 (V22.1.1.0) Thu Sep 11 11:24:08 2025

Tried aggregator 1 time.
LP Presolve eliminated 5925 rows and 16728 columns.
All rows and columns eliminated.
Presolve time = 0.01 sec. (7.46 ticks)
Parallel mode: deterministic, using up to 10 threads for concurrent optimization:
 * Starting dual Simplex on 1 thread...
 * Starting primal Simplex on 1 thread...

Log for '/tmp/9d1b2dd9cb4b411dbfcea49afc2e61e9-pulp.lp' Clone_1 (V22.1.1.0) Thu Sep 11 11:24:08 2025

Using steepest-edge.

Total time on 10 threads = 0.03 sec. (205.29 ticks)

Dual simplex solved model.


Log for '/tmp/3171a745bab941a59778471c4e3c1cf0-pulp.lp' Clone_1 (V22.1.1.0) Thu Sep 11 11:24:58 2025


Log for '/tmp/3171a745bab941a59778471c4e3c1cf0-pulp.lp' Clone_1 (V22.1.1.0) Thu Sep 11 11:25:02 2025

Tried aggregator 1 time.
LP Presolve eliminated 3315 rows and 9288 columns.
All rows and columns eliminated.
Presolve time = 0.01 sec. (4.16 ticks)
Parallel mode: deterministic, using up to 10 threads for concurrent optimization:
 * Starting dual Simplex on 1 thread...
 * Starting primal Simplex on 1 thread...

Log for '/tmp/3171a745bab941a59778471c4e3c1cf0-pulp.lp' Clone_1 (V22.1.1.0) Thu Sep 11 11:25:02 2025

Using steepest-edge.

Total time on 10 threads = 0.03 sec. (198.85 ticks)

Dual simplex solved model.


Log for '/tmp/afd0e4c4d63741f3b4974a491aaeff6f-pulp.lp' Clone_1 (V22.1.1.0) Thu Sep 11 11:26:12 2025

Advanced basis not built.

Log for '/tmp/afd0e4c4d63741f3b4974a491aaeff6f-pulp.lp' Clone_1 (V22.1.1.0) Thu Sep 11 11:27:50 2025

Tried aggregator 1 time.
LP Presolve eliminated 9473 rows and 44720 columns.
All rows and columns eliminated.
Presolve time = 0.03 sec. (19.05 ticks)
Parallel mode: deterministic, using up to 10 threads for concurrent optimization:
 * Starting dual Simplex on 1 thread...
 * Starting primal Simplex on 1 thread...

Log for '/tmp/afd0e4c4d63741f3b4974a491aaeff6f-pulp.lp' Clone_1 (V22.1.1.0) Thu Sep 11 11:27:50 2025

Using steepest-edge.

Total time on 10 threads = 0.06 sec. (226.25 ticks)

Dual simplex solved model.


Log for '/tmp/ee9363e99dbc40e2b1cc73c841b69a31-pulp.lp' Clone_1 (V22.1.1.0) Thu Sep 11 11:28:10 2025


Log for '/tmp/ee9363e99dbc40e2b1cc73c841b69a31-pulp.lp' Clone_1 (V22.1.1.0) Thu Sep 11 11:33:20 2025

Tried aggregator 1 time.
LP Presolve eliminated 5383 rows and 24920 columns.
All rows and columns eliminated.
Presolve time = 0.02 sec. (10.66 ticks)
Parallel mode: deterministic, using up to 10 threads for concurrent optimization:
 * Starting dual Simplex on 1 thread...
 * Starting primal Simplex on 1 thread...

Log for '/tmp/ee9363e99dbc40e2b1cc73c841b69a31-pulp.lp' Clone_1 (V22.1.1.0) Thu Sep 11 11:33:20 2025

Using steepest-edge.

Total time on 10 threads = 0.05 sec. (210.63 ticks)

Dual simplex solved model.


Log for '/tmp/8c36bfa0d4534ab5b5d504434602011f-pulp.lp' Clone_1 (V22.1.1.0) Thu Sep 11 11:45:28 2025


Log for '/tmp/8c36bfa0d4534ab5b5d504434602011f-pulp.lp' Clone_1 (V22.1.1.0) Thu Sep 11 11:54:30 2025

Tried aggregator 1 time.
LP Presolve eliminated 3654 rows and 16490 columns.
All rows and columns eliminated.
Presolve time = 0.01 sec. (7.10 ticks)
Parallel mode: deterministic, using up to 10 threads for concurrent optimization:
 * Starting dual Simplex on 1 thread...
 * Starting primal Simplex on 1 thread...

Log for '/tmp/8c36bfa0d4534ab5b5d504434602011f-pulp.lp' Clone_1 (V22.1.1.0) Thu Sep 11 11:54:30 2025

Using steepest-edge.

Total time on 10 threads = 0.03 sec. (204.00 ticks)

Dual simplex solved model.

